Error: [GoogleGenerativeAI Error]: Error fetching from https://generativelanguage.googleapis.com/v1beta/models/gemini-flash-latest:generateContent: [429 Too Many Requests] You exceeded your current quota, please check your plan and billing details. For more information on this error, head to: https://ai.google.dev/gemini-api/docs/rate-limits. To monitor your current usage, head to: https://ai.dev/rate-limit. 
* Quota exceeded for metric: generativelanguage.googleapis.com/generate_content_free_tier_requests, limit: 20, model: gemini-3-flash
Please retry in 46.463147839s. [{"@type":"type.googleapis.com/google.rpc.Help","links":[{"description":"Learn more about Gemini API quotas","url":"https://ai.google.dev/gemini-api/docs/rate-limits"}]},{"@type":"type.googleapis.com/google.rpc.QuotaFailure","violations":[{"quotaMetric":"generativelanguage.googleapis.com/generate_content_free_tier_requests","quotaId":"GenerateRequestsPerDayPerProjectPerModel-FreeTier","quotaDimensions":{"model":"gemini-3-flash","location":"global"},"quotaValue":"20"}]},{"@type":"type.googleapis.com/google.rpc.RetryInfo","retryDelay":"46s"}]
    at handleResponseNotOk (C:\Users\Kartik\Desktop\Project\AFIN\backend\node_modules\@google\generative-ai\dist\index.js:434:11)
    at process.processTicksAndRejections (node:internal/process/task_queues:95:5)
    at async makeRequest (C:\Users\Kartik\Desktop\Project\AFIN\backend\node_modules\@google\generative-ai\dist\index.js:403:9)
    at async generateContent (C:\Users\Kartik\Desktop\Project\AFIN\backend\node_modules\@google\generative-ai\dist\index.js:867:22)
    at async ChatSession.sendMessage (C:\Users\Kartik\Desktop\Project\AFIN\backend\node_modules\@google\generative-ai\dist\index.js:1210:9)
    at async handleChat (C:\Users\Kartik\Desktop\Project\AFIN\backend\routes\chatbotRoutes.js:97:20)
    at async C:\Users\Kartik\Desktop\Project\AFIN\backend\routes\chatbotRoutes.js:117:24